
Running 43 tests using 1 worker

[1A[2K[1/43] [setup] ÔÇ║ tests\auth.setup.js:21:1 ÔÇ║ ­ƒöä Autenticaci├│n - Login y guardar estado
[1A[2K[setup] ÔÇ║ tests\auth.setup.js:21:1 ÔÇ║ ­ƒöä Autenticaci├│n - Login y guardar estado

­ƒöæ Intentando login en: http://localhost/torque/login

[1A[2K­ƒæñ Usuario: admin@torque.com

[1A[2KÔ£à CSRF token encontrado

[1A[2K­ƒôì URL actual: http://localhost/dashboard

[1A[2KÔ£à Estado guardado: C:\Users\victuspc\Desktop\Nueva carpeta\tests\.auth\user.json (264 bytes)

[1A[2KÔ£à Login exitoso

[1A[2K[2/43] [setup] ÔÇ║ tests\auth.setup.js:113:1 ÔÇ║ ­ƒöä Verificar sesi├│n persistida
[1A[2K[setup] ÔÇ║ tests\auth.setup.js:113:1 ÔÇ║ ­ƒöä Verificar sesi├│n persistida
­ƒôì URL en verificaci├│n: http://localhost/dashboard

[1A[2KÔ£à Sesi├│n persistida correctamente

[1A[2K[3/43] [chromium] ÔÇ║ tests\01-navigation.spec.js:37:3 ÔÇ║ ­ƒº¡ Suite Navegaci├│n - Recorrido Completo Sidebar ÔÇ║ ­ƒôï Dashboard - Verificar estructura completa
[1A[2K[chromium] ÔÇ║ tests\01-navigation.spec.js:37:3 ÔÇ║ ­ƒº¡ Suite Navegaci├│n - Recorrido Completo Sidebar ÔÇ║ ­ƒôï Dashboard - Verificar estructura completa

­ƒôè Verificando Dashboard...

[1A[2KÔ£à Widget "Total Clientes" encontrado

[1A[2KÔ£à Widget "Total Veh├¡culos" encontrado

[1A[2KÔ£à Widget "├ôrdenes Activas" encontrado

[1A[2KÔ£à Bot├│n r├ípido "Nueva Orden" encontrado

[1A[2KÔ£à Bot├│n r├ípido "Nuevo Cliente" encontrado

[1A[2KÔ£à Bot├│n r├ípido "Nuevo Veh├¡culo" encontrado

[1A[2K­ƒô© Screenshot: test-results/01-dashboard-complete-2026-04-26T21-10-04-902Z.png

[1A[2K[4/43] [chromium] ÔÇ║ tests\01-navigation.spec.js:72:3 ÔÇ║ ­ƒº¡ Suite Navegaci├│n - Recorrido Completo Sidebar ÔÇ║ ­ƒöä Navegar por TODOS los m├│dulos del sidebar
[1A[2K[chromium] ÔÇ║ tests\01-navigation.spec.js:72:3 ÔÇ║ ­ƒº¡ Suite Navegaci├│n - Recorrido Completo Sidebar ÔÇ║ ­ƒöä Navegar por TODOS los m├│dulos del sidebar

­ƒº¡ Iniciando recorrido de 14 m├│dulos...

[1A[2K  Ô£à Elemento "h1" encontrado

[1A[2K  Ô£à Elemento ".sidebar" encontrado

[1A[2K­ƒô© Screenshot: test-results/02-module-Dashboard-2026-04-26T21-10-09-341Z.png

[1A[2KÔ£à M├│dulo "Dashboard" OK - http://localhost/dashboard

[1A[2KÔÜá´©Å M├│dulo "^├ôrdenes$" no encontrado

[1A[2K  Ô£à Elemento "table" encontrado

[1A[2K­ƒô© Screenshot: test-results/02-module-Clientes--2026-04-26T21-10-10-152Z.png

[1A[2KÔ£à M├│dulo "Clientes$" OK - http://localhost/clients

[1A[2K  Ô£à Elemento "table" encontrado

[1A[2K­ƒô© Screenshot: test-results/02-module-Veh-culos--2026-04-26T21-10-10-899Z.png

[1A[2KÔ£à M├│dulo "Veh├¡culos$" OK - http://localhost/vehicles

[1A[2K  Ô£à Elemento "table" encontrado

[1A[2K­ƒô© Screenshot: test-results/02-module-Servicios--2026-04-26T21-10-11-594Z.png

[1A[2KÔ£à M├│dulo "Servicios$" OK - http://localhost/services

[1A[2K  Ô£à Elemento "table" encontrado

[1A[2K­ƒô© Screenshot: test-results/02-module-Inventario--2026-04-26T21-10-12-306Z.png

[1A[2KÔ£à M├│dulo "Inventario$" OK - http://localhost/parts

[1A[2K­ƒô© Screenshot: test-results/02-module-Operaci-n-Inteligente-2026-04-26T21-10-12-978Z.png

[1A[2KÔ£à M├│dulo "Operaci├│n Inteligente" OK - http://localhost/workshop-ops

[1A[2KÔÜá´©Å M├│dulo "Herramientas$" no encontrado

[1A[2KÔÜá´©Å M├│dulo "Manuales$" no encontrado

[1A[2KÔÜá´©Å M├│dulo "VIN Decoder|Decodificador" no encontrado

[1A[2KÔÜá´©Å M├│dulo "DTC Codes$" no encontrado

[1A[2KÔÜá´©Å M├│dulo "Reportes$" no encontrado

[1A[2KÔÜá´©Å M├│dulo "Productividad$" no encontrado

[1A[2KÔÜá´©Å M├│dulo "WhatsApp" no encontrado

[1A[2K
­ƒôè REPORTE: Navegaci├│n de M├│dulos

[1A[2K==================================================

[1A[2Ksuccessful: 6 items

[1A[2Kfailed: 8 items

[1A[2Kscreenshots: 0 items

[1A[2K==================================================

[1A[2K[5/43] [chromium] ÔÇ║ tests\01-navigation.spec.js:146:3 ÔÇ║ ­ƒº¡ Suite Navegaci├│n - Recorrido Completo Sidebar ÔÇ║ ­ƒôæ Verificar sub-men├║s y navegaci├│n anidada
[1A[2K[chromium] ÔÇ║ tests\01-navigation.spec.js:146:3 ÔÇ║ ­ƒº¡ Suite Navegaci├│n - Recorrido Completo Sidebar ÔÇ║ ­ƒôæ Verificar sub-men├║s y navegaci├│n anidada

­ƒôé Verificando sub-men├║s...

[1A[2KÔ£à Sub-men├║ "Mec├ínico" encontrado

[1A[2KÔ£à Sub-men├║ "Bodega|Warehouse" encontrado

[1A[2KÔ£à Sub-men├║ "Solicitudes" encontrado

[1A[2KÔ£à Sub-men├║ "Mis Herramientas" encontrado

[1A[2K­ƒô© Screenshot: test-results/03-submenus-tools-2026-04-26T21-10-17-294Z.png

[1A[2K[6/43] [chromium] ÔÇ║ tests\01-navigation.spec.js:170:3 ÔÇ║ ­ƒº¡ Suite Navegaci├│n - Recorrido Completo Sidebar ÔÇ║ ­ƒöÖ Verificar navegaci├│n de retorno (breadcrumbs)
[1A[2K[chromium] ÔÇ║ tests\01-navigation.spec.js:170:3 ÔÇ║ ­ƒº¡ Suite Navegaci├│n - Recorrido Completo Sidebar ÔÇ║ ­ƒöÖ Verificar navegaci├│n de retorno (breadcrumbs)

­ƒöÖ Verificando breadcrumbs...

[1A[2K­ƒô© Screenshot: test-results/04-breadcrumbs-test-2026-04-26T21-10-22-138Z.png

[1A[2K[7/43] [chromium] ÔÇ║ tests\02-forms.spec.js:16:3 ÔÇ║ ­ƒôØ Suite Formularios - CRUD Completo ÔÇ║ ­ƒæñ Formulario Clientes - Crear, verificar, eliminar
[1A[2K[chromium] ÔÇ║ tests\02-forms.spec.js:16:3 ÔÇ║ ­ƒôØ Suite Formularios - CRUD Completo ÔÇ║ ­ƒæñ Formulario Clientes - Crear, verificar, eliminar

­ƒæñ Probando CRUD de Clientes...

[1A[2K­ƒô© Screenshot: test-results/10-clientes-lista-2026-04-26T21-10-26-421Z.png

[1A[2K­ƒô© Screenshot: test-results/11-cliente-form-vacio-2026-04-26T21-10-28-407Z.png

[1A[2KÔ£à Campo Nombre encontrado

[1A[2KÔ£à Campo Email encontrado

[1A[2KÔ£à Campo Tel├®fono encontrado

[1A[2KÔÜá´©Å Campo RUT no encontrado, saltando...

[1A[2K­ƒôØ Campo input[name="name"] llenado con: Juan P├®rez Test QA

[1A[2K­ƒôØ Campo input[name="email"] llenado con: juan.perez.test@example.com

[1A[2K­ƒôØ Campo input[name="phone"] llenado con: +56912345678

[1A[2K­ƒô© Screenshot: test-results/12-cliente-form-lleno-2026-04-26T21-10-28-675Z.png

[1A[2KÔ£à Formulario de cliente verificado correctamente

[1A[2K[8/43] [chromium] ÔÇ║ tests\02-forms.spec.js:77:3 ÔÇ║ ­ƒôØ Suite Formularios - CRUD Completo ÔÇ║ ­ƒÜù Formulario Veh├¡culos - Crear con validaciones
[1A[2K[chromium] ÔÇ║ tests\02-forms.spec.js:77:3 ÔÇ║ ­ƒôØ Suite Formularios - CRUD Completo ÔÇ║ ­ƒÜù Formulario Veh├¡culos - Crear con validaciones

­ƒÜù Probando formulario de Veh├¡culos...

[1A[2K­ƒô© Screenshot: test-results/20-vehiculo-form-2026-04-26T21-10-34-867Z.png

[1A[2KÔ£à Campo "brand" encontrado

[1A[2KÔ£à Campo "model" encontrado

[1A[2KÔ£à Campo "year" encontrado

[1A[2KÔ£à Campo "plate" encontrado

[1A[2KÔ£à Campo "vin" encontrado

[1A[2K­ƒôØ Campo input[name="brand"] llenado con: Toyota

[1A[2K­ƒôØ Campo input[name="model"] llenado con: Corolla Test

[1A[2K­ƒôØ Campo input[name="year"] llenado con: 2023

[1A[2K­ƒôØ Campo input[name="plate"] llenado con: TEST-123

[1A[2K­ƒôØ Campo input[name="vin"] llenado con: 1HGCM82633A004352

[1A[2K­ƒô© Screenshot: test-results/21-vehiculo-form-lleno-2026-04-26T21-10-35-235Z.png

[1A[2KÔ£à Formulario de veh├¡culo verificado

[1A[2K[9/43] [chromium] ÔÇ║ tests\02-forms.spec.js:116:3 ÔÇ║ ­ƒôØ Suite Formularios - CRUD Completo ÔÇ║ ­ƒôï Formulario ├ôrdenes - Crear orden completa
[1A[2K[chromium] ÔÇ║ tests\02-forms.spec.js:116:3 ÔÇ║ ­ƒôØ Suite Formularios - CRUD Completo ÔÇ║ ­ƒôï Formulario ├ôrdenes - Crear orden completa

­ƒôï Probando formulario de ├ôrdenes...

[1A[2K­ƒô© Screenshot: test-results/30-orden-form-2026-04-26T21-10-41-699Z.png

[1A[2KÔ£à Campo "client_id" encontrado

[1A[2KÔ£à Campo "vehicle_id" encontrado

[1A[2KÔ£à Campo "status" encontrado

[1A[2KÔ£à Campo "priority" encontrado

[1A[2KÔ£à Campo "description" encontrado

[1A[2KÔ£à Campo "diagnosis" encontrado

[1A[2KÔ£à Cliente seleccionado

[1A[2K­ƒô© Screenshot: test-results/31-orden-form-progreso-2026-04-26T21-10-41-846Z.png

[1A[2KÔ£à Formulario de orden verificado

[1A[2K[10/43] [chromium] ÔÇ║ tests\02-forms.spec.js:177:3 ÔÇ║ ­ƒôØ Suite Formularios - CRUD Completo ÔÇ║ ­ƒöº Formulario Inventario/Repuestos
[1A[2K[chromium] ÔÇ║ tests\02-forms.spec.js:177:3 ÔÇ║ ­ƒôØ Suite Formularios - CRUD Completo ÔÇ║ ­ƒöº Formulario Inventario/Repuestos

­ƒöº Probando formulario de Inventario...

[1A[2K­ƒô© Screenshot: test-results/40-repuesto-form-2026-04-26T21-10-47-684Z.png

[1A[2K­ƒôØ Campo input[name="name"], #name llenado con: Filtro de Aceite Test QA

[1A[2K­ƒôØ Campo input[name="code"], #code llenado con: FA-QA-001

[1A[2K­ƒôØ Campo input[name="min_stock"], #min_stock llenado con: 10

[1A[2K­ƒô© Screenshot: test-results/41-repuesto-form-lleno-2026-04-26T21-10-47-940Z.png

[1A[2KÔ£à Formulario de repuesto verificado

[1A[2K[11/43] [chromium] ÔÇ║ tests\02-forms.spec.js:215:3 ÔÇ║ ­ƒôØ Suite Formularios - CRUD Completo ÔÇ║ ­ƒøá´©Å Formulario Servicios
[1A[2K[chromium] ÔÇ║ tests\02-forms.spec.js:215:3 ÔÇ║ ­ƒôØ Suite Formularios - CRUD Completo ÔÇ║ ­ƒøá´©Å Formulario Servicios

­ƒøá´©Å Probando formulario de Servicios...

[1A[2K­ƒô© Screenshot: test-results/50-servicio-form-2026-04-26T21-10-54-098Z.png

[1A[2K­ƒôØ Campo input[name="name"], #name llenado con: Cambio de Aceite QA

[1A[2K­ƒôØ Campo input[name="price"], #price llenado con: 25000

[1A[2K­ƒôØ Campo textarea[name="description"], #description, input[name="description"] llenado con: Cambio de aceite y revisi├│n QA

[1A[2K­ƒô© Screenshot: test-results/51-servicio-form-lleno-2026-04-26T21-10-54-330Z.png

[1A[2KÔ£à Formulario de servicio verificado

[1A[2K[12/43] [chromium] ÔÇ║ tests\02-forms.spec.js:242:3 ÔÇ║ ­ƒôØ Suite Formularios - CRUD Completo ÔÇ║ Ô£Å´©Å Formulario Edici├│n - Modo edici├│n
[1A[2K[chromium] ÔÇ║ tests\02-forms.spec.js:242:3 ÔÇ║ ­ƒôØ Suite Formularios - CRUD Completo ÔÇ║ Ô£Å´©Å Formulario Edici├│n - Modo edici├│n

Ô£Å´©Å Probando modo edici├│n...

[1A[2K­ƒô© Screenshot: test-results/60-edicion-form-2026-04-26T21-11-00-331Z.png

[1A[2KÔ£à Formulario en modo edici├│n con datos: Carlos Rodr├¡guez

[1A[2K[13/43] [chromium] ÔÇ║ tests\02-forms.spec.js:268:3 ÔÇ║ ­ƒôØ Suite Formularios - CRUD Completo ÔÇ║ ­ƒùæ´©Å Eliminaci├│n - Botones de eliminar
[1A[2K[chromium] ÔÇ║ tests\02-forms.spec.js:268:3 ÔÇ║ ­ƒôØ Suite Formularios - CRUD Completo ÔÇ║ ­ƒùæ´©Å Eliminaci├│n - Botones de eliminar

­ƒùæ´©Å Verificando funcionalidad de eliminar...

[1A[2KÔ£à Encontrados 6 botones de eliminar

[1A[2KÔ£à Bot├│n 0 tiene confirmaci├│n de eliminaci├│n

[1A[2KÔ£à Bot├│n 1 tiene confirmaci├│n de eliminaci├│n

[1A[2KÔ£à Bot├│n 2 tiene confirmaci├│n de eliminaci├│n

[1A[2K[14/43] [chromium] ÔÇ║ tests\02-forms.spec.js:289:3 ÔÇ║ ­ƒôØ Suite Formularios - CRUD Completo ÔÇ║ ­ƒôñ Validaciones - Campos requeridos
[1A[2K[chromium] ÔÇ║ tests\02-forms.spec.js:289:3 ÔÇ║ ­ƒôØ Suite Formularios - CRUD Completo ÔÇ║ ­ƒôñ Validaciones - Campos requeridos

­ƒôñ Probando validaciones...

[1A[2KÔ£à Encontrados 1 campos requeridos

[1A[2K  - Campo requerido: name

[1A[2K[15/43] [chromium] ÔÇ║ tests\03-smoke.spec.js:25:3 ÔÇ║ ­ƒöÑ Suite Smoke - Detecci├│n de Errores ÔÇ║ ­ƒÉø Detecci├│n de errores JavaScript en consola
[1A[2K[chromium] ÔÇ║ tests\03-smoke.spec.js:25:3 ÔÇ║ ­ƒöÑ Suite Smoke - Detecci├│n de Errores ÔÇ║ ­ƒÉø Detecci├│n de errores JavaScript en consola

­ƒÉø Monitoreando errores JavaScript...

[1A[2KÔ£à No se detectaron errores JavaScript

[1A[2K[16/43] [chromium] ÔÇ║ tests\03-smoke.spec.js:61:3 ÔÇ║ ­ƒöÑ Suite Smoke - Detecci├│n de Errores ÔÇ║ ­ƒîÉ Detecci├│n de errores HTTP 4xx/5xx
[1A[2K[chromium] ÔÇ║ tests\03-smoke.spec.js:61:3 ÔÇ║ ­ƒöÑ Suite Smoke - Detecci├│n de Errores ÔÇ║ ­ƒîÉ Detecci├│n de errores HTTP 4xx/5xx

­ƒîÉ Monitoreando errores HTTP...

[1A[2KÔ£à No se detectaron errores HTTP

[1A[2K[17/43] [chromium] ÔÇ║ tests\03-smoke.spec.js:104:3 ÔÇ║ ­ƒöÑ Suite Smoke - Detecci├│n de Errores ÔÇ║ ­ƒû╝´©Å Detecci├│n de im├ígenes rotas
[1A[2K[chromium] ÔÇ║ tests\03-smoke.spec.js:104:3 ÔÇ║ ­ƒöÑ Suite Smoke - Detecci├│n de Errores ÔÇ║ ­ƒû╝´©Å Detecci├│n de im├ígenes rotas

­ƒû╝´©Å Verificando im├ígenes...

[1A[2KÔ£à No se detectaron im├ígenes rotas

[1A[2K[18/43] [chromium] ÔÇ║ tests\03-smoke.spec.js:130:3 ÔÇ║ ­ƒöÑ Suite Smoke - Detecci├│n de Errores ÔÇ║ ÔÜá´©Å Detecci├│n de textos de error en la p├ígina
[1A[2K[chromium] ÔÇ║ tests\03-smoke.spec.js:130:3 ÔÇ║ ­ƒöÑ Suite Smoke - Detecci├│n de Errores ÔÇ║ ÔÜá´©Å Detecci├│n de textos de error en la p├ígina

ÔÜá´©Å Buscando textos de error...

node.exe : [1A[2KÔÜá´©Å Posibles textos de error: 2
En línea: 1 Carácter: 1
+ & "C:\Program Files\nodejs/node.exe" "C:\Program Files\nodejs/node_mo ...
+ ~~~~~~~~~~~~~~~~~~~~~~~~~~~~~~~~~~~~~~~~~~~~~~~~~~~~~~~~~~~~~~~~~~~~~
    + CategoryInfo          : NotSpecified: ([1A[2KÔÜá´©Å ...tos de error: 2:String) [], RemoteException
    + FullyQualifiedErrorId : NativeCommandError
 

[1A[2K   - /dashboard: "error"

[1A[2K   - /dashboard: "warning"

[1A[2K­ƒô© Screenshot: test-results/smoke-errors-check-2026-04-26T21-11-43-112Z.png

[1A[2K[19/43] [chromium] ÔÇ║ tests\03-smoke.spec.js:168:3 ÔÇ║ ­ƒöÑ Suite Smoke - Detecci├│n de Errores ÔÇ║ ­ƒöÿ Verificar que TODOS los botones tienen acci├│n
[1A[2K[chromium] ÔÇ║ tests\03-smoke.spec.js:168:3 ÔÇ║ ­ƒöÑ Suite Smoke - Detecci├│n de Errores ÔÇ║ ­ƒöÿ Verificar que TODOS los botones tienen acci├│n

­ƒöÿ Analizando botones...

[1A[2KÔ£à Total botones encontrados: 0

[1A[2KÔ£à Todos los botones tienen acci├│n definida

[1A[2K[20/43] [chromium] ÔÇ║ tests\03-smoke.spec.js:208:3 ÔÇ║ ­ƒöÑ Suite Smoke - Detecci├│n de Errores ÔÇ║ ­ƒöù Verificar enlaces - Navegaci├│n completa
[1A[2K[chromium] ÔÇ║ tests\03-smoke.spec.js:208:3 ÔÇ║ ­ƒöÑ Suite Smoke - Detecci├│n de Errores ÔÇ║ ­ƒöù Verificar enlaces - Navegaci├│n completa

­ƒöù Verificando enlaces internos...

[1A[2KÔ£à Total enlaces encontrados: 27

[1A[2KÔ£à Enlaces probados: 15

[1A[2K[21/43] [chromium] ÔÇ║ tests\03-smoke.spec.js:245:3 ÔÇ║ ­ƒöÑ Suite Smoke - Detecci├│n de Errores ÔÇ║ ­ƒôè Verificar tablas - Datos y paginaci├│n
[1A[2K[chromium] ÔÇ║ tests\03-smoke.spec.js:245:3 ÔÇ║ ­ƒöÑ Suite Smoke - Detecci├│n de Errores ÔÇ║ ­ƒôè Verificar tablas - Datos y paginaci├│n

­ƒôè Verificando tablas...

[1A[2KÔ£à Tablas encontradas: 1

[1A[2KTabla 1: 5 columnas, 1 filas

[1A[2K­ƒô© Screenshot: test-results/smoke-tables-check-2026-04-26T21-11-56-231Z.png

[1A[2K[22/43] [chromium] ÔÇ║ tests\03-smoke.spec.js:270:3 ÔÇ║ ­ƒöÑ Suite Smoke - Detecci├│n de Errores ÔÇ║ ­ƒöì Probar b├║squedas y filtros
[1A[2K[chromium] ÔÇ║ tests\03-smoke.spec.js:270:3 ÔÇ║ ­ƒöÑ Suite Smoke - Detecci├│n de Errores ÔÇ║ ­ƒöì Probar b├║squedas y filtros

­ƒöì Probando funcionalidad de b├║squeda...

[1A[2KÔ£à B├║squeda funcional en /vehicles

[1A[2K­ƒô© Screenshot: test-results/smoke-search--vehicles-2026-04-26T21-12-02-959Z.png

[1A[2K[23/43] [chromium] ÔÇ║ tests\03-smoke.spec.js:300:3 ÔÇ║ ­ƒöÑ Suite Smoke - Detecci├│n de Errores ÔÇ║ ÔÅ▒´©Å Verificar tiempos de carga
[1A[2K[chromium] ÔÇ║ tests\03-smoke.spec.js:300:3 ÔÇ║ ­ƒöÑ Suite Smoke - Detecci├│n de Errores ÔÇ║ ÔÅ▒´©Å Verificar tiempos de carga

ÔÅ▒´©Å Midiendo tiempos de carga...

[1A[2K   /dashboard: 569ms

[1A[2K   /work-orders: 613ms

[1A[2K   /clients: 566ms

[1A[2K   /vehicles: 557ms

[1A[2K   /parts: 548ms

[1A[2K[24/43] [chromium] ÔÇ║ tests\03-smoke.spec.js:325:3 ÔÇ║ ­ƒöÑ Suite Smoke - Detecci├│n de Errores ÔÇ║ ­ƒô▒ Responsive - Verificar elementos en viewport
[1A[2K[chromium] ÔÇ║ tests\03-smoke.spec.js:325:3 ÔÇ║ ­ƒöÑ Suite Smoke - Detecci├│n de Errores ÔÇ║ ­ƒô▒ Responsive - Verificar elementos en viewport

­ƒô▒ Verificando responsive...

[1A[2KÔ£à Desktop - Sidebar visible: true

[1A[2KÔ£à Tablet - Sidebar visible: false

[1A[2KÔ£à Mobile - Men├║ m├│vil visible: false

[1A[2K­ƒô© Screenshot: test-results/smoke-responsive-mobile-2026-04-26T21-12-17-805Z.png

[1A[2K[25/43] [chromium] ÔÇ║ tests\04-exploratory.spec.js:11:3 ÔÇ║ ­ƒöì Suite Exploratoria - Recorrido Profundo ÔÇ║ ­ƒÄ¬ Exploraci├│n completa del Dashboard
[1A[2K[chromium] ÔÇ║ tests\04-exploratory.spec.js:11:3 ÔÇ║ ­ƒöì Suite Exploratoria - Recorrido Profundo ÔÇ║ ­ƒÄ¬ Exploraci├│n completa del Dashboard

­ƒÄ¬ Iniciando exploraci├│n del Dashboard...

[1A[2K­ƒô© Screenshot: test-results/exp-dashboard-initial-2026-04-26T21-12-21-511Z.png

[1A[2K   ­ƒæå Click en: Nueva Orden

[1A[2K­ƒô© Screenshot: test-results/exp-btn-Nueva-Orden-2026-04-26T21-12-23-255Z.png

[1A[2K   ­ƒæå Click en: Nuevo Cliente

[1A[2K­ƒô© Screenshot: test-results/exp-btn-Nuevo-Cliente-2026-04-26T21-12-26-481Z.png

[1A[2K   ­ƒæå Click en: Nuevo Veh├¡culo

[1A[2K­ƒô© Screenshot: test-results/exp-btn-Nuevo-Veh├¡culo-2026-04-26T21-12-29-715Z.png

[1A[2K   ­ƒæå Click en: Nuevo Servicio

[1A[2K­ƒô© Screenshot: test-results/exp-btn-Nuevo-Servicio-2026-04-26T21-12-32-991Z.png

[1A[2K   ­ƒæå Click en: Solicitar Tool

[1A[2K­ƒô© Screenshot: test-results/exp-btn-Solicitar-Tool-2026-04-26T21-12-36-237Z.png

[1A[2K   ­ƒæå Click en: Ver Reportes

[1A[2K­ƒô© Screenshot: test-results/exp-btn-Ver-Reportes-2026-04-26T21-12-39-507Z.png

[1A[2K
   ­ƒôè Encontrados 23 widgets de estad├¡sticas

[1A[2K   ­ƒöù 16 enlaces en sidebar

[1A[2K   ­ƒæå Probando enlace: 
                 Dashboard
  

[1A[2K   ­ƒæå Probando enlace: 
                     Clientes

[1A[2K   ­ƒæå Probando enlace: 
                     Veh├¡culo

[1A[2K   ­ƒæå Probando enlace: 
                 ├ôrdenes
    

[1A[2K   ­ƒæå Probando enlace: 
                 Servicios
  

[1A[2K[26/43] [chromium] ÔÇ║ tests\04-exploratory.spec.js:91:3 ÔÇ║ ­ƒöì Suite Exploratoria - Recorrido Profundo ÔÇ║ ­ƒöä Exploraci├│n de ├ôrdenes - Tabs, filtros, acciones
[1A[2K[chromium] ÔÇ║ tests\04-exploratory.spec.js:91:3 ÔÇ║ ­ƒöì Suite Exploratoria - Recorrido Profundo ÔÇ║ ­ƒöä Exploraci├│n de ├ôrdenes - Tabs, filtros, acciones

­ƒöä Explorando m├│dulo ├ôrdenes...

[1A[2K­ƒô© Screenshot: test-results/exp-ordenes-inicio-2026-04-26T21-12-58-704Z.png

[1A[2K   ­ƒôæ Encontrados 0 tabs

[1A[2K   ­ƒöì Encontrados 0 filtros

[1A[2K   ­ƒôï Probando vista de orden

[1A[2K­ƒô© Screenshot: test-results/exp-orden-detalle-2026-04-26T21-13-00-906Z.png

[1A[2K      Encontrados 0 botones de acci├│n

[1A[2K[27/43] [chromium] ÔÇ║ tests\04-exploratory.spec.js:167:3 ÔÇ║ ­ƒöì Suite Exploratoria - Recorrido Profundo ÔÇ║ ­ƒöº Exploraci├│n de Operaci├│n Inteligente
[1A[2K[chromium] ÔÇ║ tests\04-exploratory.spec.js:167:3 ÔÇ║ ­ƒöì Suite Exploratoria - Recorrido Profundo ÔÇ║ ­ƒöº Exploraci├│n de Operaci├│n Inteligente

­ƒöº Explorando Operaci├│n Inteligente...

[1A[2K­ƒô© Screenshot: test-results/exp-workshop-ops-2026-04-26T21-13-03-395Z.png

[1A[2K   ­ƒôï Encontradas 0 ├│rdenes

[1A[2K[28/43] [chromium] ÔÇ║ tests\04-exploratory.spec.js:207:3 ÔÇ║ ­ƒöì Suite Exploratoria - Recorrido Profundo ÔÇ║ ­ƒôª Exploraci├│n de Inventario - Stock y alertas
[1A[2K[chromium] ÔÇ║ tests\04-exploratory.spec.js:207:3 ÔÇ║ ­ƒöì Suite Exploratoria - Recorrido Profundo ÔÇ║ ­ƒôª Exploraci├│n de Inventario - Stock y alertas

­ƒôª Explorando Inventario...

[1A[2K­ƒô© Screenshot: test-results/exp-inventario-inicio-2026-04-26T21-13-06-828Z.png

[1A[2K   ÔÜá´©Å Encontradas 0 alertas

[1A[2K   Ô£Å´©Å Encontrados 1 enlaces de edici├│n

[1A[2K­ƒô© Screenshot: test-results/exp-repuesto-edicion-2026-04-26T21-13-09-002Z.png

[1A[2K[29/43] [chromium] ÔÇ║ tests\04-exploratory.spec.js:243:3 ÔÇ║ ­ƒöì Suite Exploratoria - Recorrido Profundo ÔÇ║ ­ƒöö Exploraci├│n de Notificaciones
[1A[2K[chromium] ÔÇ║ tests\04-exploratory.spec.js:243:3 ÔÇ║ ­ƒöì Suite Exploratoria - Recorrido Profundo ÔÇ║ ­ƒöö Exploraci├│n de Notificaciones

­ƒöö Explorando Notificaciones...

[1A[2K­ƒô© Screenshot: test-results/exp-notificaciones-2026-04-26T21-13-12-096Z.png

[1A[2K   ­ƒô¿ Encontradas 1 notificaciones

[1A[2K[30/43] [chromium] ÔÇ║ tests\04-exploratory.spec.js:273:3 ÔÇ║ ­ƒöì Suite Exploratoria - Recorrido Profundo ÔÇ║ ­ƒôè Exploraci├│n de Reportes - Gr├íficos y exportaci├│n
[1A[2K[chromium] ÔÇ║ tests\04-exploratory.spec.js:273:3 ÔÇ║ ­ƒöì Suite Exploratoria - Recorrido Profundo ÔÇ║ ­ƒôè Exploraci├│n de Reportes - Gr├íficos y exportaci├│n

­ƒôè Explorando Reportes...

[1A[2K­ƒô© Screenshot: test-results/exp-reportes-2026-04-26T21-13-15-540Z.png

[1A[2K   ­ƒôê Encontrados 5 gr├íficos

[1A[2K   ­ƒÆ¥ Encontrados 1 botones de exportaci├│n

[1A[2K      - Bot├│n: ­ƒôÑ Exportar Excel

[1A[2K[31/43] [chromium] ÔÇ║ tests\04-exploratory.spec.js:314:3 ÔÇ║ ­ƒöì Suite Exploratoria - Recorrido Profundo ÔÇ║ ­ƒøá´©Å Exploraci├│n Completa de Herramientas
[1A[2K[chromium] ÔÇ║ tests\04-exploratory.spec.js:314:3 ÔÇ║ ­ƒöì Suite Exploratoria - Recorrido Profundo ÔÇ║ ­ƒøá´©Å Exploraci├│n Completa de Herramientas

­ƒøá´©Å Explorando Herramientas...

[1A[2K­ƒô© Screenshot: test-results/exp-tools-inicio-2026-04-26T21-13-19-263Z.png

[1A[2K   ­ƒæå Explorando: Mec├ínico

[1A[2K­ƒô© Screenshot: test-results/exp-tools-mechanic-2026-04-26T21-13-21-550Z.png

[1A[2K   ­ƒæå Explorando: Bodega|Warehouse

[1A[2K­ƒô© Screenshot: test-results/exp-tools-warehouse-2026-04-26T21-13-24-267Z.png

[1A[2K   ­ƒæå Explorando: Solicitudes

[1A[2K­ƒô© Screenshot: test-results/exp-tools-request-2026-04-26T21-13-27-080Z.png

[1A[2K   ­ƒæå Explorando: Mis Herramientas

[1A[2K­ƒô© Screenshot: test-results/exp-tools-my-tools-2026-04-26T21-13-29-859Z.png

[1A[2K[32/43] [chromium] ÔÇ║ tests\04-exploratory.spec.js:342:3 ÔÇ║ ­ƒöì Suite Exploratoria - Recorrido Profundo ÔÇ║ ­ƒÄ» Exploraci├│n recursiva - Todos los botones visibles
[1A[2K[chromium] ÔÇ║ tests\04-exploratory.spec.js:342:3 ÔÇ║ ­ƒöì Suite Exploratoria - Recorrido Profundo ÔÇ║ ­ƒÄ» Exploraci├│n recursiva - Todos los botones visibles

­ƒÄ» Exploraci├│n intensiva de botones...

[1A[2K   Iteraci├│n 1: about:blank

[1A[2K   Ô£à URLs visitadas: 1

[1A[2K[33/43] [chromium] ÔÇ║ tests\05-security-pentest.spec.js:16:3 ÔÇ║ ­ƒöÉ Suite Pentesting - Auditor├¡a de Seguridad ÔÇ║ ­ƒÜ¿ [CR├ìTICO] Rutas protegidas sin autenticaci├│n
[1A[2K[chromium] ÔÇ║ tests\05-security-pentest.spec.js:16:3 ÔÇ║ ­ƒöÉ Suite Pentesting - Auditor├¡a de Seguridad ÔÇ║ ­ƒÜ¿ [CR├ìTICO] Rutas protegidas sin autenticaci├│n

­ƒöô Probando acceso sin autenticaci├│n...


[1A[2KÔØî VULNERABLE: /dashboard accesible sin login!
[1A[2K­ƒô© Screenshot: test-results/pentest-auth-bypass--dashboard-2026-04-26T21-13-36-617Z.png

[1A[2KÔØî VULNERABLE: /work-orders accesible sin login!

[1A[2K­ƒô© Screenshot: test-results/pentest-auth-bypass--work-orders-2026-04-26T21-13-37-485Z.png


[1A[2KÔØî VULNERABLE: /clients accesible sin login!
[1A[2K­ƒô© Screenshot: test-results/pentest-auth-bypass--clients-2026-04-26T21-13-38-174Z.png

[1A[2KÔØî VULNERABLE: /vehicles accesible sin login!

[1A[2K­ƒô© Screenshot: test-results/pentest-auth-bypass--vehicles-2026-04-26T21-13-38-912Z.png

[1A[2KÔØî VULNERABLE: /services accesible sin login!

[1A[2K­ƒô© Screenshot: test-results/pentest-auth-bypass--services-2026-04-26T21-13-39-602Z.png

[1A[2KÔØî VULNERABLE: /parts accesible sin login!

[1A[2K­ƒô© Screenshot: test-results/pentest-auth-bypass--parts-2026-04-26T21-13-40-292Z.png


[1A[2KÔØî VULNERABLE: /tools accesible sin login!
[1A[2K­ƒô© Screenshot: test-results/pentest-auth-bypass--tools-2026-04-26T21-13-40-953Z.png

[1A[2KÔØî VULNERABLE: /reports accesible sin login!

[1A[2K­ƒô© Screenshot: test-results/pentest-auth-bypass--reports-2026-04-26T21-13-42-183Z.png

[1A[2KÔØî VULNERABLE: /workshop-ops accesible sin login!

[1A[2K­ƒô© Screenshot: test-results/pentest-auth-bypass--workshop-ops-2026-04-26T21-13-42-861Z.png

[1A[2KÔØî VULNERABLE: /users accesible sin login!

[1A[2K­ƒô© Screenshot: test-results/pentest-auth-bypass--users-2026-04-26T21-13-43-644Z.png

[1A[2K
­ƒö┤ Rutas sin protecci├│n: 10

[1A[2K[34/43] (retries) [chromium] ÔÇ║ tests\05-security-pentest.spec.js:16:3 ÔÇ║ ­ƒöÉ Suite Pentesting - Auditor├¡a de Seguridad ÔÇ║ ­ƒÜ¿ [CR├ìTICO] Rutas protegidas sin autenticaci├│n (retry #1)
[1A[2K
­ƒöô Probando acceso sin autenticaci├│n...

[1A[2KÔØî VULNERABLE: /dashboard accesible sin login!

[1A[2K­ƒô© Screenshot: test-results/pentest-auth-bypass--dashboard-2026-04-26T21-13-54-741Z.png


[1A[2KÔØî VULNERABLE: /work-orders accesible sin login!
[1A[2K­ƒô© Screenshot: test-results/pentest-auth-bypass--work-orders-2026-04-26T21-13-55-677Z.png

[1A[2KÔØî VULNERABLE: /clients accesible sin login!

[1A[2K­ƒô© Screenshot: test-results/pentest-auth-bypass--clients-2026-04-26T21-13-56-356Z.png


[1A[2KÔØî VULNERABLE: /vehicles accesible sin login!
[1A[2K­ƒô© Screenshot: test-results/pentest-auth-bypass--vehicles-2026-04-26T21-13-57-069Z.png


[1A[2KÔØî VULNERABLE: /services accesible sin login!
[1A[2K­ƒô© Screenshot: test-results/pentest-auth-bypass--services-2026-04-26T21-13-57-730Z.png

[1A[2KÔØî VULNERABLE: /parts accesible sin login!

[1A[2K­ƒô© Screenshot: test-results/pentest-auth-bypass--parts-2026-04-26T21-13-58-394Z.png

[1A[2KÔØî VULNERABLE: /tools accesible sin login!

[1A[2K­ƒô© Screenshot: test-results/pentest-auth-bypass--tools-2026-04-26T21-13-59-080Z.png

[1A[2KÔØî VULNERABLE: /reports accesible sin login!

[1A[2K­ƒô© Screenshot: test-results/pentest-auth-bypass--reports-2026-04-26T21-14-00-213Z.png


[1A[2KÔØî VULNERABLE: /workshop-ops accesible sin login!
[1A[2K­ƒô© Screenshot: test-results/pentest-auth-bypass--workshop-ops-2026-04-26T21-14-00-910Z.png

[1A[2KÔØî VULNERABLE: /users accesible sin login!

[1A[2K­ƒô© Screenshot: test-results/pentest-auth-bypass--users-2026-04-26T21-14-01-725Z.png

[1A[2K
­ƒö┤ Rutas sin protecci├│n: 10

[1A[2K  1) [chromium] ÔÇ║ tests\05-security-pentest.spec.js:16:3 ÔÇ║ ­ƒöÉ Suite Pentesting - Auditor├¡a de Seguridad ÔÇ║ ­ƒÜ¿ [CR├ìTICO] Rutas protegidas sin autenticaci├│n 

    Error: No deber├¡a haber rutas accesibles sin login

    [2mexpect([22m[31mreceived[39m[2m).[22mtoBe[2m([22m[32mexpected[39m[2m) // Object.is equality[22m

    Expected: [32m0[39m
    Received: [31m10[39m

      65 |     // Reporte
      66 |     console.log(`\n­ƒö┤ Rutas sin protecci├│n: ${vulnerabilities.length}`);
    > 67 |     expect(vulnerabilities.length, 'No deber├¡a haber rutas accesibles sin login').toBe(0);
         |                                                                                   ^
      68 |   });
      69 |
      70 |   // ==================== 2. IDOR - INSECURE DIRECT OBJECT REFERENCE ====================
        at C:\Users\victuspc\Desktop\Nueva carpeta\tests\05-security-pentest.spec.js:67:83

    attachment #1: screenshot (image/png) ÔöÇÔöÇÔöÇÔöÇÔöÇÔöÇÔöÇÔöÇÔöÇÔöÇÔöÇÔöÇÔöÇÔöÇÔöÇÔöÇÔöÇÔöÇÔöÇÔöÇÔöÇÔöÇÔöÇÔöÇÔöÇÔöÇÔöÇÔöÇÔöÇÔöÇÔöÇÔöÇÔöÇÔöÇÔöÇÔöÇÔöÇÔöÇÔöÇÔöÇÔöÇÔöÇÔöÇÔöÇÔöÇÔöÇÔöÇÔöÇÔöÇÔöÇÔöÇÔöÇÔöÇÔöÇÔöÇÔöÇÔöÇÔöÇ
    test-results\05-security-pentest-­ƒöÉ-Sui-e7ccc-rotegidas-sin-autenticaci├│n-chromium\test-failed-1.png
    ÔöÇÔöÇÔöÇÔöÇÔöÇÔöÇÔöÇÔöÇÔöÇÔöÇÔöÇÔöÇÔöÇÔöÇÔöÇÔöÇÔöÇÔöÇÔöÇÔöÇÔöÇÔöÇÔöÇÔöÇÔöÇÔöÇÔöÇÔöÇÔöÇÔöÇÔöÇÔöÇÔöÇÔöÇÔöÇÔöÇÔöÇÔöÇÔöÇÔöÇÔöÇÔöÇÔöÇÔöÇÔöÇÔöÇÔöÇÔöÇÔöÇÔöÇÔöÇÔöÇÔöÇÔöÇÔöÇÔöÇÔöÇÔöÇÔöÇÔöÇÔöÇÔöÇÔöÇÔöÇÔöÇÔöÇÔöÇÔöÇÔöÇÔöÇÔöÇÔöÇÔöÇÔöÇÔöÇÔöÇÔöÇÔöÇÔöÇÔöÇÔöÇÔöÇÔöÇÔöÇÔöÇÔöÇÔöÇÔöÇÔöÇÔöÇÔöÇÔöÇÔöÇÔöÇÔöÇÔöÇ

    Error Context: test-results\05-security-pentest-­ƒöÉ-Sui-e7ccc-rotegidas-sin-autenticaci├│n-chromium\error-context.md

    Retry #1 ÔöÇÔöÇÔöÇÔöÇÔöÇÔöÇÔöÇÔöÇÔöÇÔöÇÔöÇÔöÇÔöÇÔöÇÔöÇÔöÇÔöÇÔöÇÔöÇÔöÇÔöÇÔöÇÔöÇÔöÇÔöÇÔöÇÔöÇÔöÇÔöÇÔöÇÔöÇÔöÇÔöÇÔöÇÔöÇÔöÇÔöÇÔöÇÔöÇÔöÇÔöÇÔöÇÔöÇÔöÇÔöÇÔöÇÔöÇÔöÇÔöÇÔöÇÔöÇÔöÇÔöÇÔöÇÔöÇÔöÇÔöÇÔöÇÔöÇÔöÇÔöÇÔöÇÔöÇÔöÇÔöÇÔöÇÔöÇÔöÇÔöÇÔöÇÔöÇÔöÇÔöÇÔöÇÔöÇÔöÇÔöÇÔöÇÔöÇÔöÇÔöÇÔöÇÔöÇÔöÇÔöÇÔöÇÔöÇ

    Error: No deber├¡a haber rutas accesibles sin login

    [2mexpect([22m[31mreceived[39m[2m).[22mtoBe[2m([22m[32mexpected[39m[2m) // Object.is equality[22m

    Expected: [32m0[39m
    Received: [31m10[39m

      65 |     // Reporte
      66 |     console.log(`\n­ƒö┤ Rutas sin protecci├│n: ${vulnerabilities.length}`);
    > 67 |     expect(vulnerabilities.length, 'No deber├¡a haber rutas accesibles sin login').toBe(0);
         |                                                                                   ^
      68 |   });
      69 |
      70 |   // ==================== 2. IDOR - INSECURE DIRECT OBJECT REFERENCE ====================
        at C:\Users\victuspc\Desktop\Nueva carpeta\tests\05-security-pentest.spec.js:67:83

    attachment #1: screenshot (image/png) ÔöÇÔöÇÔöÇÔöÇÔöÇÔöÇÔöÇÔöÇÔöÇÔöÇÔöÇÔöÇÔöÇÔöÇÔöÇÔöÇÔöÇÔöÇÔöÇÔöÇÔöÇÔöÇÔöÇÔöÇÔöÇÔöÇÔöÇÔöÇÔöÇÔöÇÔöÇÔöÇÔöÇÔöÇÔöÇÔöÇÔöÇÔöÇÔöÇÔöÇÔöÇÔöÇÔöÇÔöÇÔöÇÔöÇÔöÇÔöÇÔöÇÔöÇÔöÇÔöÇÔöÇÔöÇÔöÇÔöÇÔöÇÔöÇ
    test-results\05-security-pentest-­ƒöÉ-Sui-e7ccc-rotegidas-sin-autenticaci├│n-chromium-retry1\test-failed-1.png
    ÔöÇÔöÇÔöÇÔöÇÔöÇÔöÇÔöÇÔöÇÔöÇÔöÇÔöÇÔöÇÔöÇÔöÇÔöÇÔöÇÔöÇÔöÇÔöÇÔöÇÔöÇÔöÇÔöÇÔöÇÔöÇÔöÇÔöÇÔöÇÔöÇÔöÇÔöÇÔöÇÔöÇÔöÇÔöÇÔöÇÔöÇÔöÇÔöÇÔöÇÔöÇÔöÇÔöÇÔöÇÔöÇÔöÇÔöÇÔöÇÔöÇÔöÇÔöÇÔöÇÔöÇÔöÇÔöÇÔöÇÔöÇÔöÇÔöÇÔöÇÔöÇÔöÇÔöÇÔöÇÔöÇÔöÇÔöÇÔöÇÔöÇÔöÇÔöÇÔöÇÔöÇÔöÇÔöÇÔöÇÔöÇÔöÇÔöÇÔöÇÔöÇÔöÇÔöÇÔöÇÔöÇÔöÇÔöÇÔöÇÔöÇÔöÇÔöÇÔöÇÔöÇÔöÇÔöÇÔöÇ

    Error Context: test-results\05-security-pentest-­ƒöÉ-Sui-e7ccc-rotegidas-sin-autenticaci├│n-chromium-retry1\error-context.md

    attachment #3: trace (application/zip) ÔöÇÔöÇÔöÇÔöÇÔöÇÔöÇÔöÇÔöÇÔöÇÔöÇÔöÇÔöÇÔöÇÔöÇÔöÇÔöÇÔöÇÔöÇÔöÇÔöÇÔöÇÔöÇÔöÇÔöÇÔöÇÔöÇÔöÇÔöÇÔöÇÔöÇÔöÇÔöÇÔöÇÔöÇÔöÇÔöÇÔöÇÔöÇÔöÇÔöÇÔöÇÔöÇÔöÇÔöÇÔöÇÔöÇÔöÇÔöÇÔöÇÔöÇÔöÇÔöÇÔöÇÔöÇÔöÇÔöÇÔöÇ
    test-results\05-security-pentest-­ƒöÉ-Sui-e7ccc-rotegidas-sin-autenticaci├│n-chromium-retry1\trace.zip
    Usage:

        npx playwright show-trace test-results\05-security-pentest-­ƒöÉ-Sui-e7ccc-rotegidas-sin-autenticaci├│n-chromium-retry1\trace.zip

    ÔöÇÔöÇÔöÇÔöÇÔöÇÔöÇÔöÇÔöÇÔöÇÔöÇÔöÇÔöÇÔöÇÔöÇÔöÇÔöÇÔöÇÔöÇÔöÇÔöÇÔöÇÔöÇÔöÇÔöÇÔöÇÔöÇÔöÇÔöÇÔöÇÔöÇÔöÇÔöÇÔöÇÔöÇÔöÇÔöÇÔöÇÔöÇÔöÇÔöÇÔöÇÔöÇÔöÇÔöÇÔöÇÔöÇÔöÇÔöÇÔöÇÔöÇÔöÇÔöÇÔöÇÔöÇÔöÇÔöÇÔöÇÔöÇÔöÇÔöÇÔöÇÔöÇÔöÇÔöÇÔöÇÔöÇÔöÇÔöÇÔöÇÔöÇÔöÇÔöÇÔöÇÔöÇÔöÇÔöÇÔöÇÔöÇÔöÇÔöÇÔöÇÔöÇÔöÇÔöÇÔöÇÔöÇÔöÇÔöÇÔöÇÔöÇÔöÇÔöÇÔöÇÔöÇÔöÇÔöÇ


[1A[2K[35/43] [chromium] ÔÇ║ tests\05-security-pentest.spec.js:72:3 ÔÇ║ ­ƒöÉ Suite Pentesting - Auditor├¡a de Seguridad ÔÇ║ ­ƒÜ¿ [ALTO] IDOR - Acceso a recursos de otros usuarios
[1A[2K[chromium] ÔÇ║ tests\05-security-pentest.spec.js:72:3 ÔÇ║ ­ƒöÉ Suite Pentesting - Auditor├¡a de Seguridad ÔÇ║ ­ƒÜ¿ [ALTO] IDOR - Acceso a recursos de otros usuarios

­ƒöæ Probando IDOR...

[1A[2K[36/43] (retries) [chromium] ÔÇ║ tests\05-security-pentest.spec.js:72:3 ÔÇ║ ­ƒöÉ Suite Pentesting - Auditor├¡a de Seguridad ÔÇ║ ­ƒÜ¿ [ALTO] IDOR - Acceso a recursos de otros usuarios (retry #1)
[1A[2K
­ƒöæ Probando IDOR...

[1A[2K  2) [chromium] ÔÇ║ tests\05-security-pentest.spec.js:72:3 ÔÇ║ ­ƒöÉ Suite Pentesting - Auditor├¡a de Seguridad ÔÇ║ ­ƒÜ¿ [ALTO] IDOR - Acceso a recursos de otros usuarios 

    TimeoutError: page.fill: Timeout 30000ms exceeded.
    Call log:
    [2m  - waiting for locator('input[name="email"]')[22m


      79 |     // Login primero
      80 |     await page.goto(`${BASE_URL}/login`, { waitUntil: 'networkidle' });
    > 81 |     await page.fill('input[name="email"]', 'admin@torque.com');
         |                ^
      82 |     await page.fill('input[name="password"]', 'admin123');
      83 |     await page.click('button[type="submit"]');
      84 |     await page.waitForURL('**/dashboard', { timeout: 15000 });
        at C:\Users\victuspc\Desktop\Nueva carpeta\tests\05-security-pentest.spec.js:81:16

    attachment #1: screenshot (image/png) ÔöÇÔöÇÔöÇÔöÇÔöÇÔöÇÔöÇÔöÇÔöÇÔöÇÔöÇÔöÇÔöÇÔöÇÔöÇÔöÇÔöÇÔöÇÔöÇÔöÇÔöÇÔöÇÔöÇÔöÇÔöÇÔöÇÔöÇÔöÇÔöÇÔöÇÔöÇÔöÇÔöÇÔöÇÔöÇÔöÇÔöÇÔöÇÔöÇÔöÇÔöÇÔöÇÔöÇÔöÇÔöÇÔöÇÔöÇÔöÇÔöÇÔöÇÔöÇÔöÇÔöÇÔöÇÔöÇÔöÇÔöÇÔöÇ
    test-results\05-security-pentest-­ƒöÉ-Sui-9d65b--recursos-de-otros-usuarios-chromium\test-failed-1.png
    ÔöÇÔöÇÔöÇÔöÇÔöÇÔöÇÔöÇÔöÇÔöÇÔöÇÔöÇÔöÇÔöÇÔöÇÔöÇÔöÇÔöÇÔöÇÔöÇÔöÇÔöÇÔöÇÔöÇÔöÇÔöÇÔöÇÔöÇÔöÇÔöÇÔöÇÔöÇÔöÇÔöÇÔöÇÔöÇÔöÇÔöÇÔöÇÔöÇÔöÇÔöÇÔöÇÔöÇÔöÇÔöÇÔöÇÔöÇÔöÇÔöÇÔöÇÔöÇÔöÇÔöÇÔöÇÔöÇÔöÇÔöÇÔöÇÔöÇÔöÇÔöÇÔöÇÔöÇÔöÇÔöÇÔöÇÔöÇÔöÇÔöÇÔöÇÔöÇÔöÇÔöÇÔöÇÔöÇÔöÇÔöÇÔöÇÔöÇÔöÇÔöÇÔöÇÔöÇÔöÇÔöÇÔöÇÔöÇÔöÇÔöÇÔöÇÔöÇÔöÇÔöÇÔöÇÔöÇÔöÇ

    Error Context: test-results\05-security-pentest-­ƒöÉ-Sui-9d65b--recursos-de-otros-usuarios-chromium\error-context.md

    Retry #1 ÔöÇÔöÇÔöÇÔöÇÔöÇÔöÇÔöÇÔöÇÔöÇÔöÇÔöÇÔöÇÔöÇÔöÇÔöÇÔöÇÔöÇÔöÇÔöÇÔöÇÔöÇÔöÇÔöÇÔöÇÔöÇÔöÇÔöÇÔöÇÔöÇÔöÇÔöÇÔöÇÔöÇÔöÇÔöÇÔöÇÔöÇÔöÇÔöÇÔöÇÔöÇÔöÇÔöÇÔöÇÔöÇÔöÇÔöÇÔöÇÔöÇÔöÇÔöÇÔöÇÔöÇÔöÇÔöÇÔöÇÔöÇÔöÇÔöÇÔöÇÔöÇÔöÇÔöÇÔöÇÔöÇÔöÇÔöÇÔöÇÔöÇÔöÇÔöÇÔöÇÔöÇÔöÇÔöÇÔöÇÔöÇÔöÇÔöÇÔöÇÔöÇÔöÇÔöÇÔöÇÔöÇÔöÇÔöÇ

    TimeoutError: page.fill: Timeout 30000ms exceeded.
    Call log:
    [2m  - waiting for locator('input[name="email"]')[22m


      79 |     // Login primero
      80 |     await page.goto(`${BASE_URL}/login`, { waitUntil: 'networkidle' });
    > 81 |     await page.fill('input[name="email"]', 'admin@torque.com');
         |                ^
      82 |     await page.fill('input[name="password"]', 'admin123');
      83 |     await page.click('button[type="submit"]');
      84 |     await page.waitForURL('**/dashboard', { timeout: 15000 });
        at C:\Users\victuspc\Desktop\Nueva carpeta\tests\05-security-pentest.spec.js:81:16

    attachment #1: screenshot (image/png) ÔöÇÔöÇÔöÇÔöÇÔöÇÔöÇÔöÇÔöÇÔöÇÔöÇÔöÇÔöÇÔöÇÔöÇÔöÇÔöÇÔöÇÔöÇÔöÇÔöÇÔöÇÔöÇÔöÇÔöÇÔöÇÔöÇÔöÇÔöÇÔöÇÔöÇÔöÇÔöÇÔöÇÔöÇÔöÇÔöÇÔöÇÔöÇÔöÇÔöÇÔöÇÔöÇÔöÇÔöÇÔöÇÔöÇÔöÇÔöÇÔöÇÔöÇÔöÇÔöÇÔöÇÔöÇÔöÇÔöÇÔöÇÔöÇ
    test-results\05-security-pentest-­ƒöÉ-Sui-9d65b--recursos-de-otros-usuarios-chromium-retry1\test-failed-1.png
    ÔöÇÔöÇÔöÇÔöÇÔöÇÔöÇÔöÇÔöÇÔöÇÔöÇÔöÇÔöÇÔöÇÔöÇÔöÇÔöÇÔöÇÔöÇÔöÇÔöÇÔöÇÔöÇÔöÇÔöÇÔöÇÔöÇÔöÇÔöÇÔöÇÔöÇÔöÇÔöÇÔöÇÔöÇÔöÇÔöÇÔöÇÔöÇÔöÇÔöÇÔöÇÔöÇÔöÇÔöÇÔöÇÔöÇÔöÇÔöÇÔöÇÔöÇÔöÇÔöÇÔöÇÔöÇÔöÇÔöÇÔöÇÔöÇÔöÇÔöÇÔöÇÔöÇÔöÇÔöÇÔöÇÔöÇÔöÇÔöÇÔöÇÔöÇÔöÇÔöÇÔöÇÔöÇÔöÇÔöÇÔöÇÔöÇÔöÇÔöÇÔöÇÔöÇÔöÇÔöÇÔöÇÔöÇÔöÇÔöÇÔöÇÔöÇÔöÇÔöÇÔöÇÔöÇÔöÇÔöÇ

    Error Context: test-results\05-security-pentest-­ƒöÉ-Sui-9d65b--recursos-de-otros-usuarios-chromium-retry1\error-context.md

    attachment #3: trace (application/zip) ÔöÇÔöÇÔöÇÔöÇÔöÇÔöÇÔöÇÔöÇÔöÇÔöÇÔöÇÔöÇÔöÇÔöÇÔöÇÔöÇÔöÇÔöÇÔöÇÔöÇÔöÇÔöÇÔöÇÔöÇÔöÇÔöÇÔöÇÔöÇÔöÇÔöÇÔöÇÔöÇÔöÇÔöÇÔöÇÔöÇÔöÇÔöÇÔöÇÔöÇÔöÇÔöÇÔöÇÔöÇÔöÇÔöÇÔöÇÔöÇÔöÇÔöÇÔöÇÔöÇÔöÇÔöÇÔöÇÔöÇÔöÇ
    test-results\05-security-pentest-­ƒöÉ-Sui-9d65b--recursos-de-otros-usuarios-chromium-retry1\trace.zip
    Usage:

        npx playwright show-trace test-results\05-security-pentest-­ƒöÉ-Sui-9d65b--recursos-de-otros-usuarios-chromium-retry1\trace.zip

    ÔöÇÔöÇÔöÇÔöÇÔöÇÔöÇÔöÇÔöÇÔöÇÔöÇÔöÇÔöÇÔöÇÔöÇÔöÇÔöÇÔöÇÔöÇÔöÇÔöÇÔöÇÔöÇÔöÇÔöÇÔöÇÔöÇÔöÇÔöÇÔöÇÔöÇÔöÇÔöÇÔöÇÔöÇÔöÇÔöÇÔöÇÔöÇÔöÇÔöÇÔöÇÔöÇÔöÇÔöÇÔöÇÔöÇÔöÇÔöÇÔöÇÔöÇÔöÇÔöÇÔöÇÔöÇÔöÇÔöÇÔöÇÔöÇÔöÇÔöÇÔöÇÔöÇÔöÇÔöÇÔöÇÔöÇÔöÇÔöÇÔöÇÔöÇÔöÇÔöÇÔöÇÔöÇÔöÇÔöÇÔöÇÔöÇÔöÇÔöÇÔöÇÔöÇÔöÇÔöÇÔöÇÔöÇÔöÇÔöÇÔöÇÔöÇÔöÇÔöÇÔöÇÔöÇÔöÇÔöÇ


[1A[2K[37/43] [chromium] ÔÇ║ tests\05-security-pentest.spec.js:126:3 ÔÇ║ ­ƒöÉ Suite Pentesting - Auditor├¡a de Seguridad ÔÇ║ ­ƒÜ¿ [ALTO] XSS - Cross-Site Scripting
[1A[2K[chromium] ÔÇ║ tests\05-security-pentest.spec.js:126:3 ÔÇ║ ­ƒöÉ Suite Pentesting - Auditor├¡a de Seguridad ÔÇ║ ­ƒÜ¿ [ALTO] XSS - Cross-Site Scripting

­ƒÆë Probando XSS...

[1A[2KÔ£à XSS test completado

[1A[2K[38/43] [chromium] ÔÇ║ tests\05-security-pentest.spec.js:181:3 ÔÇ║ ­ƒöÉ Suite Pentesting - Auditor├¡a de Seguridad ÔÇ║ ­ƒÜ¿ [ALTO] CSRF - Bypass de protecci├│n
[1A[2K[chromium] ÔÇ║ tests\05-security-pentest.spec.js:181:3 ÔÇ║ ­ƒöÉ Suite Pentesting - Auditor├¡a de Seguridad ÔÇ║ ­ƒÜ¿ [ALTO] CSRF - Bypass de protecci├│n

­ƒøí´©Å Probando CSRF...

[1A[2KÔÜá´©Å /clients/create - Error: browser.newContext(...).newPage is not a function

[1A[2KÔÜá´©Å /vehicles/create - Error: browser.newContext(...).newPage is not a function

[1A[2K[39/43] [chromium] ÔÇ║ tests\05-security-pentest.spec.js:223:3 ÔÇ║ ­ƒöÉ Suite Pentesting - Auditor├¡a de Seguridad ÔÇ║ ­ƒÜ¿ [MEDIO] Rate Limiting - Fuerza bruta
[1A[2K[chromium] ÔÇ║ tests\05-security-pentest.spec.js:223:3 ÔÇ║ ­ƒöÉ Suite Pentesting - Auditor├¡a de Seguridad ÔÇ║ ­ƒÜ¿ [MEDIO] Rate Limiting - Fuerza bruta

­ƒö¿ Probando rate limiting...

[1A[2KÔÅ▒´©Å 10 intentos en 12368ms (1237ms/promedio)

[1A[2KÔ£à Posible rate limiting detectado

[1A[2K[40/43] [chromium] ÔÇ║ tests\05-security-pentest.spec.js:254:3 ÔÇ║ ­ƒöÉ Suite Pentesting - Auditor├¡a de Seguridad ÔÇ║ ­ƒÜ¿ [MEDIO] Information Disclosure
[1A[2K[chromium] ÔÇ║ tests\05-security-pentest.spec.js:254:3 ÔÇ║ ­ƒöÉ Suite Pentesting - Auditor├¡a de Seguridad ÔÇ║ ­ƒÜ¿ [MEDIO] Information Disclosure

­ƒôï Buscando exposici├│n de informaci├│n...

[1A[2KÔØî EXPOSICI├ôN: /test-login.php contiene informaci├│n sensible

[1A[2K­ƒô© Screenshot: test-results/pentest-info-disclosure-test-login.php-2026-04-26T21-15-57-710Z.png

[1A[2K[41/43] (retries) [chromium] ÔÇ║ tests\05-security-pentest.spec.js:254:3 ÔÇ║ ­ƒöÉ Suite Pentesting - Auditor├¡a de Seguridad ÔÇ║ ­ƒÜ¿ [MEDIO] Information Disclosure (retry #1)
[1A[2K
­ƒôï Buscando exposici├│n de informaci├│n...

[1A[2KÔØî EXPOSICI├ôN: /test-login.php contiene informaci├│n sensible

[1A[2K­ƒô© Screenshot: test-results/pentest-info-disclosure-test-login.php-2026-04-26T21-16-10-029Z.png

[1A[2K  3) [chromium] ÔÇ║ tests\05-security-pentest.spec.js:254:3 ÔÇ║ ­ƒöÉ Suite Pentesting - Auditor├¡a de Seguridad ÔÇ║ ­ƒÜ¿ [MEDIO] Information Disclosure 

    Error: No deber├¡a exponer informaci├│n sensible

    [2mexpect([22m[31mreceived[39m[2m).[22mtoBe[2m([22m[32mexpected[39m[2m) // Object.is equality[22m

    Expected: [32m0[39m
    Received: [31m1[39m

      301 |     await context.close();
      302 |     
    > 303 |     expect(exposedPaths.length, 'No deber├¡a exponer informaci├│n sensible').toBe(0);
          |                                                                            ^
      304 |   });
      305 |
      306 |   // ==================== 7. SQL INJECTION ====================
        at C:\Users\victuspc\Desktop\Nueva carpeta\tests\05-security-pentest.spec.js:303:76

    attachment #1: screenshot (image/png) ÔöÇÔöÇÔöÇÔöÇÔöÇÔöÇÔöÇÔöÇÔöÇÔöÇÔöÇÔöÇÔöÇÔöÇÔöÇÔöÇÔöÇÔöÇÔöÇÔöÇÔöÇÔöÇÔöÇÔöÇÔöÇÔöÇÔöÇÔöÇÔöÇÔöÇÔöÇÔöÇÔöÇÔöÇÔöÇÔöÇÔöÇÔöÇÔöÇÔöÇÔöÇÔöÇÔöÇÔöÇÔöÇÔöÇÔöÇÔöÇÔöÇÔöÇÔöÇÔöÇÔöÇÔöÇÔöÇÔöÇÔöÇÔöÇ
    test-results\05-security-pentest-­ƒöÉ-Sui-230d5-EDIO-Information-Disclosure-chromium\test-failed-1.png
    ÔöÇÔöÇÔöÇÔöÇÔöÇÔöÇÔöÇÔöÇÔöÇÔöÇÔöÇÔöÇÔöÇÔöÇÔöÇÔöÇÔöÇÔöÇÔöÇÔöÇÔöÇÔöÇÔöÇÔöÇÔöÇÔöÇÔöÇÔöÇÔöÇÔöÇÔöÇÔöÇÔöÇÔöÇÔöÇÔöÇÔöÇÔöÇÔöÇÔöÇÔöÇÔöÇÔöÇÔöÇÔöÇÔöÇÔöÇÔöÇÔöÇÔöÇÔöÇÔöÇÔöÇÔöÇÔöÇÔöÇÔöÇÔöÇÔöÇÔöÇÔöÇÔöÇÔöÇÔöÇÔöÇÔöÇÔöÇÔöÇÔöÇÔöÇÔöÇÔöÇÔöÇÔöÇÔöÇÔöÇÔöÇÔöÇÔöÇÔöÇÔöÇÔöÇÔöÇÔöÇÔöÇÔöÇÔöÇÔöÇÔöÇÔöÇÔöÇÔöÇÔöÇÔöÇÔöÇÔöÇ

    attachment #2: screenshot (image/png) ÔöÇÔöÇÔöÇÔöÇÔöÇÔöÇÔöÇÔöÇÔöÇÔöÇÔöÇÔöÇÔöÇÔöÇÔöÇÔöÇÔöÇÔöÇÔöÇÔöÇÔöÇÔöÇÔöÇÔöÇÔöÇÔöÇÔöÇÔöÇÔöÇÔöÇÔöÇÔöÇÔöÇÔöÇÔöÇÔöÇÔöÇÔöÇÔöÇÔöÇÔöÇÔöÇÔöÇÔöÇÔöÇÔöÇÔöÇÔöÇÔöÇÔöÇÔöÇÔöÇÔöÇÔöÇÔöÇÔöÇÔöÇÔöÇ
    test-results\05-security-pentest-­ƒöÉ-Sui-230d5-EDIO-Information-Disclosure-chromium\test-failed-2.png
    ÔöÇÔöÇÔöÇÔöÇÔöÇÔöÇÔöÇÔöÇÔöÇÔöÇÔöÇÔöÇÔöÇÔöÇÔöÇÔöÇÔöÇÔöÇÔöÇÔöÇÔöÇÔöÇÔöÇÔöÇÔöÇÔöÇÔöÇÔöÇÔöÇÔöÇÔöÇÔöÇÔöÇÔöÇÔöÇÔöÇÔöÇÔöÇÔöÇÔöÇÔöÇÔöÇÔöÇÔöÇÔöÇÔöÇÔöÇÔöÇÔöÇÔöÇÔöÇÔöÇÔöÇÔöÇÔöÇÔöÇÔöÇÔöÇÔöÇÔöÇÔöÇÔöÇÔöÇÔöÇÔöÇÔöÇÔöÇÔöÇÔöÇÔöÇÔöÇÔöÇÔöÇÔöÇÔöÇÔöÇÔöÇÔöÇÔöÇÔöÇÔöÇÔöÇÔöÇÔöÇÔöÇÔöÇÔöÇÔöÇÔöÇÔöÇÔöÇÔöÇÔöÇÔöÇÔöÇÔöÇ

    Error Context: test-results\05-security-pentest-­ƒöÉ-Sui-230d5-EDIO-Information-Disclosure-chromium\error-context.md

    Retry #1 ÔöÇÔöÇÔöÇÔöÇÔöÇÔöÇÔöÇÔöÇÔöÇÔöÇÔöÇÔöÇÔöÇÔöÇÔöÇÔöÇÔöÇÔöÇÔöÇÔöÇÔöÇÔöÇÔöÇÔöÇÔöÇÔöÇÔöÇÔöÇÔöÇÔöÇÔöÇÔöÇÔöÇÔöÇÔöÇÔöÇÔöÇÔöÇÔöÇÔöÇÔöÇÔöÇÔöÇÔöÇÔöÇÔöÇÔöÇÔöÇÔöÇÔöÇÔöÇÔöÇÔöÇÔöÇÔöÇÔöÇÔöÇÔöÇÔöÇÔöÇÔöÇÔöÇÔöÇÔöÇÔöÇÔöÇÔöÇÔöÇÔöÇÔöÇÔöÇÔöÇÔöÇÔöÇÔöÇÔöÇÔöÇÔöÇÔöÇÔöÇÔöÇÔöÇÔöÇÔöÇÔöÇÔöÇÔöÇ

    Error: No deber├¡a exponer informaci├│n sensible

    [2mexpect([22m[31mreceived[39m[2m).[22mtoBe[2m([22m[32mexpected[39m[2m) // Object.is equality[22m

    Expected: [32m0[39m
    Received: [31m1[39m

      301 |     await context.close();
      302 |     
    > 303 |     expect(exposedPaths.length, 'No deber├¡a exponer informaci├│n sensible').toBe(0);
          |                                                                            ^
      304 |   });
      305 |
      306 |   // ==================== 7. SQL INJECTION ====================
        at C:\Users\victuspc\Desktop\Nueva carpeta\tests\05-security-pentest.spec.js:303:76

    attachment #1: screenshot (image/png) ÔöÇÔöÇÔöÇÔöÇÔöÇÔöÇÔöÇÔöÇÔöÇÔöÇÔöÇÔöÇÔöÇÔöÇÔöÇÔöÇÔöÇÔöÇÔöÇÔöÇÔöÇÔöÇÔöÇÔöÇÔöÇÔöÇÔöÇÔöÇÔöÇÔöÇÔöÇÔöÇÔöÇÔöÇÔöÇÔöÇÔöÇÔöÇÔöÇÔöÇÔöÇÔöÇÔöÇÔöÇÔöÇÔöÇÔöÇÔöÇÔöÇÔöÇÔöÇÔöÇÔöÇÔöÇÔöÇÔöÇÔöÇÔöÇ
    test-results\05-security-pentest-­ƒöÉ-Sui-230d5-EDIO-Information-Disclosure-chromium-retry1\test-failed-1.png
    ÔöÇÔöÇÔöÇÔöÇÔöÇÔöÇÔöÇÔöÇÔöÇÔöÇÔöÇÔöÇÔöÇÔöÇÔöÇÔöÇÔöÇÔöÇÔöÇÔöÇÔöÇÔöÇÔöÇÔöÇÔöÇÔöÇÔöÇÔöÇÔöÇÔöÇÔöÇÔöÇÔöÇÔöÇÔöÇÔöÇÔöÇÔöÇÔöÇÔöÇÔöÇÔöÇÔöÇÔöÇÔöÇÔöÇÔöÇÔöÇÔöÇÔöÇÔöÇÔöÇÔöÇÔöÇÔöÇÔöÇÔöÇÔöÇÔöÇÔöÇÔöÇÔöÇÔöÇÔöÇÔöÇÔöÇÔöÇÔöÇÔöÇÔöÇÔöÇÔöÇÔöÇÔöÇÔöÇÔöÇÔöÇÔöÇÔöÇÔöÇÔöÇÔöÇÔöÇÔöÇÔöÇÔöÇÔöÇÔöÇÔöÇÔöÇÔöÇÔöÇÔöÇÔöÇÔöÇÔöÇ

    Error Context: test-results\05-security-pentest-­ƒöÉ-Sui-230d5-EDIO-Information-Disclosure-chromium-retry1\error-context.md

    attachment #3: trace (application/zip) ÔöÇÔöÇÔöÇÔöÇÔöÇÔöÇÔöÇÔöÇÔöÇÔöÇÔöÇÔöÇÔöÇÔöÇÔöÇÔöÇÔöÇÔöÇÔöÇÔöÇÔöÇÔöÇÔöÇÔöÇÔöÇÔöÇÔöÇÔöÇÔöÇÔöÇÔöÇÔöÇÔöÇÔöÇÔöÇÔöÇÔöÇÔöÇÔöÇÔöÇÔöÇÔöÇÔöÇÔöÇÔöÇÔöÇÔöÇÔöÇÔöÇÔöÇÔöÇÔöÇÔöÇÔöÇÔöÇÔöÇÔöÇ
    test-results\05-security-pentest-­ƒöÉ-Sui-230d5-EDIO-Information-Disclosure-chromium-retry1\trace.zip
    Usage:

        npx playwright show-trace test-results\05-security-pentest-­ƒöÉ-Sui-230d5-EDIO-Information-Disclosure-chromium-retry1\trace.zip

    ÔöÇÔöÇÔöÇÔöÇÔöÇÔöÇÔöÇÔöÇÔöÇÔöÇÔöÇÔöÇÔöÇÔöÇÔöÇÔöÇÔöÇÔöÇÔöÇÔöÇÔöÇÔöÇÔöÇÔöÇÔöÇÔöÇÔöÇÔöÇÔöÇÔöÇÔöÇÔöÇÔöÇÔöÇÔöÇÔöÇÔöÇÔöÇÔöÇÔöÇÔöÇÔöÇÔöÇÔöÇÔöÇÔöÇÔöÇÔöÇÔöÇÔöÇÔöÇÔöÇÔöÇÔöÇÔöÇÔöÇÔöÇÔöÇÔöÇÔöÇÔöÇÔöÇÔöÇÔöÇÔöÇÔöÇÔöÇÔöÇÔöÇÔöÇÔöÇÔöÇÔöÇÔöÇÔöÇÔöÇÔöÇÔöÇÔöÇÔöÇÔöÇÔöÇÔöÇÔöÇÔöÇÔöÇÔöÇÔöÇÔöÇÔöÇÔöÇÔöÇÔöÇÔöÇÔöÇÔöÇ


[1A[2K[42/43] [chromium] ÔÇ║ tests\05-security-pentest.spec.js:308:3 ÔÇ║ ­ƒöÉ Suite Pentesting - Auditor├¡a de Seguridad ÔÇ║ ­ƒÜ¿ [ALTO] SQL Injection
[1A[2K[chromium] ÔÇ║ tests\05-security-pentest.spec.js:308:3 ÔÇ║ ­ƒöÉ Suite Pentesting - Auditor├¡a de Seguridad ÔÇ║ ­ƒÜ¿ [ALTO] SQL Injection

­ƒÆ¥ Probando SQL Injection...

[1A[2KÔ£à SQL Injection test completado

[1A[2K[43/43] [chromium] ÔÇ║ tests\05-security-pentest.spec.js:360:3 ÔÇ║ ­ƒöÉ Suite Pentesting - Auditor├¡a de Seguridad ÔÇ║ ­ƒÜ¿ [BAJO] Security Headers
[1A[2K[chromium] ÔÇ║ tests\05-security-pentest.spec.js:360:3 ÔÇ║ ­ƒöÉ Suite Pentesting - Auditor├¡a de Seguridad ÔÇ║ ­ƒÜ¿ [BAJO] Security Headers

­ƒöÆ Verificando headers de seguridad...

[1A[2K[44/43] (retries) [chromium] ÔÇ║ tests\05-security-pentest.spec.js:360:3 ÔÇ║ ­ƒöÉ Suite Pentesting - Auditor├¡a de Seguridad ÔÇ║ ­ƒÜ¿ [BAJO] Security Headers (retry #1)
[1A[2K
­ƒöÆ Verificando headers de seguridad...

[1A[2K  4) [chromium] ÔÇ║ tests\05-security-pentest.spec.js:360:3 ÔÇ║ ­ƒöÉ Suite Pentesting - Auditor├¡a de Seguridad ÔÇ║ ­ƒÜ¿ [BAJO] Security Headers 

    TypeError: browser.newContext(...).newPage is not a function

      361 |     console.log('\n­ƒöÆ Verificando headers de seguridad...');
      362 |     
    > 363 |     const response = await browser.newContext().newPage().goto(`${BASE_URL}/login`);
          |                                                 ^
      364 |     const headers = response.headers();
      365 |     
      366 |     const securityHeaders = {
        at C:\Users\victuspc\Desktop\Nueva carpeta\tests\05-security-pentest.spec.js:363:49

    attachment #1: screenshot (image/png) ÔöÇÔöÇÔöÇÔöÇÔöÇÔöÇÔöÇÔöÇÔöÇÔöÇÔöÇÔöÇÔöÇÔöÇÔöÇÔöÇÔöÇÔöÇÔöÇÔöÇÔöÇÔöÇÔöÇÔöÇÔöÇÔöÇÔöÇÔöÇÔöÇÔöÇÔöÇÔöÇÔöÇÔöÇÔöÇÔöÇÔöÇÔöÇÔöÇÔöÇÔöÇÔöÇÔöÇÔöÇÔöÇÔöÇÔöÇÔöÇÔöÇÔöÇÔöÇÔöÇÔöÇÔöÇÔöÇÔöÇÔöÇÔöÇ
    test-results\05-security-pentest-­ƒöÉ-Sui-88e55-ad-­ƒÜ¿-BAJO-Security-Headers-chromium\test-failed-1.png
    ÔöÇÔöÇÔöÇÔöÇÔöÇÔöÇÔöÇÔöÇÔöÇÔöÇÔöÇÔöÇÔöÇÔöÇÔöÇÔöÇÔöÇÔöÇÔöÇÔöÇÔöÇÔöÇÔöÇÔöÇÔöÇÔöÇÔöÇÔöÇÔöÇÔöÇÔöÇÔöÇÔöÇÔöÇÔöÇÔöÇÔöÇÔöÇÔöÇÔöÇÔöÇÔöÇÔöÇÔöÇÔöÇÔöÇÔöÇÔöÇÔöÇÔöÇÔöÇÔöÇÔöÇÔöÇÔöÇÔöÇÔöÇÔöÇÔöÇÔöÇÔöÇÔöÇÔöÇÔöÇÔöÇÔöÇÔöÇÔöÇÔöÇÔöÇÔöÇÔöÇÔöÇÔöÇÔöÇÔöÇÔöÇÔöÇÔöÇÔöÇÔöÇÔöÇÔöÇÔöÇÔöÇÔöÇÔöÇÔöÇÔöÇÔöÇÔöÇÔöÇÔöÇÔöÇÔöÇÔöÇ

    Error Context: test-results\05-security-pentest-­ƒöÉ-Sui-88e55-ad-­ƒÜ¿-BAJO-Security-Headers-chromium\error-context.md

    Retry #1 ÔöÇÔöÇÔöÇÔöÇÔöÇÔöÇÔöÇÔöÇÔöÇÔöÇÔöÇÔöÇÔöÇÔöÇÔöÇÔöÇÔöÇÔöÇÔöÇÔöÇÔöÇÔöÇÔöÇÔöÇÔöÇÔöÇÔöÇÔöÇÔöÇÔöÇÔöÇÔöÇÔöÇÔöÇÔöÇÔöÇÔöÇÔöÇÔöÇÔöÇÔöÇÔöÇÔöÇÔöÇÔöÇÔöÇÔöÇÔöÇÔöÇÔöÇÔöÇÔöÇÔöÇÔöÇÔöÇÔöÇÔöÇÔöÇÔöÇÔöÇÔöÇÔöÇÔöÇÔöÇÔöÇÔöÇÔöÇÔöÇÔöÇÔöÇÔöÇÔöÇÔöÇÔöÇÔöÇÔöÇÔöÇÔöÇÔöÇÔöÇÔöÇÔöÇÔöÇÔöÇÔöÇÔöÇÔöÇ

    TypeError: browser.newContext(...).newPage is not a function

      361 |     console.log('\n­ƒöÆ Verificando headers de seguridad...');
      362 |     
    > 363 |     const response = await browser.newContext().newPage().goto(`${BASE_URL}/login`);
          |                                                 ^
      364 |     const headers = response.headers();
      365 |     
      366 |     const securityHeaders = {
        at C:\Users\victuspc\Desktop\Nueva carpeta\tests\05-security-pentest.spec.js:363:49

    Error: Test ended.

    Error Context: test-results\05-security-pentest-­ƒöÉ-Sui-88e55-ad-­ƒÜ¿-BAJO-Security-Headers-chromium-retry1\error-context.md

    attachment #2: trace (application/zip) ÔöÇÔöÇÔöÇÔöÇÔöÇÔöÇÔöÇÔöÇÔöÇÔöÇÔöÇÔöÇÔöÇÔöÇÔöÇÔöÇÔöÇÔöÇÔöÇÔöÇÔöÇÔöÇÔöÇÔöÇÔöÇÔöÇÔöÇÔöÇÔöÇÔöÇÔöÇÔöÇÔöÇÔöÇÔöÇÔöÇÔöÇÔöÇÔöÇÔöÇÔöÇÔöÇÔöÇÔöÇÔöÇÔöÇÔöÇÔöÇÔöÇÔöÇÔöÇÔöÇÔöÇÔöÇÔöÇÔöÇÔöÇ
    test-results\05-security-pentest-­ƒöÉ-Sui-88e55-ad-­ƒÜ¿-BAJO-Security-Headers-chromium-retry1\trace.zip
    Usage:

        npx playwright show-trace test-results\05-security-pentest-­ƒöÉ-Sui-88e55-ad-­ƒÜ¿-BAJO-Security-Headers-chromium-retry1\trace.zip

    ÔöÇÔöÇÔöÇÔöÇÔöÇÔöÇÔöÇÔöÇÔöÇÔöÇÔöÇÔöÇÔöÇÔöÇÔöÇÔöÇÔöÇÔöÇÔöÇÔöÇÔöÇÔöÇÔöÇÔöÇÔöÇÔöÇÔöÇÔöÇÔöÇÔöÇÔöÇÔöÇÔöÇÔöÇÔöÇÔöÇÔöÇÔöÇÔöÇÔöÇÔöÇÔöÇÔöÇÔöÇÔöÇÔöÇÔöÇÔöÇÔöÇÔöÇÔöÇÔöÇÔöÇÔöÇÔöÇÔöÇÔöÇÔöÇÔöÇÔöÇÔöÇÔöÇÔöÇÔöÇÔöÇÔöÇÔöÇÔöÇÔöÇÔöÇÔöÇÔöÇÔöÇÔöÇÔöÇÔöÇÔöÇÔöÇÔöÇÔöÇÔöÇÔöÇÔöÇÔöÇÔöÇÔöÇÔöÇÔöÇÔöÇÔöÇÔöÇÔöÇÔöÇÔöÇÔöÇÔöÇ


[1A[2K[45/43] [chromium] ÔÇ║ tests\05-security-pentest.spec.js:392:3 ÔÇ║ ­ƒöÉ Suite Pentesting - Auditor├¡a de Seguridad ÔÇ║ ­ƒÜ¿ [MEDIO] Session Security
[1A[2K[chromium] ÔÇ║ tests\05-security-pentest.spec.js:392:3 ÔÇ║ ­ƒöÉ Suite Pentesting - Auditor├¡a de Seguridad ÔÇ║ ­ƒÜ¿ [MEDIO] Session Security

­ƒöæ Verificando seguridad de sesi├│n...

[1A[2K­ƒì¬ Cookie de sesi├│n encontrada:

[1A[2K   - HttpOnly: false

[1A[2K   - Secure: false

[1A[2K   - SameSite: Lax



[1A[2KÔØî Cookie sin HttpOnly - Vulnerable a XSS
[1A[2KÔÜá´©Å Cookie sin Secure flag
[1A[2K[46/43] [chromium] ÔÇ║ tests\05-security-pentest.spec.js:428:3 ÔÇ║ ­ƒöÉ Suite Pentesting - Auditor├¡a de Seguridad ÔÇ║ ­ƒÜ¿ [CR├ìTICO] Mass Assignment
[1A[2K[chromium] ÔÇ║ tests\05-security-pentest.spec.js:428:3 ÔÇ║ ­ƒöÉ Suite Pentesting - Auditor├¡a de Seguridad ÔÇ║ ­ƒÜ¿ [CR├ìTICO] Mass Assignment

­ƒôª Probando Mass Assignment...

[1A[2KMass Assignment test: Campo agregado

[1A[2K[47/43] [chromium] ÔÇ║ tests\99-logout.spec.js:11:3 ÔÇ║ ­ƒÜ¬ Suite Logout - Ejecutar al final ÔÇ║ Logout y redirecci├│n a login
[1A[2K[chromium] ÔÇ║ tests\99-logout.spec.js:11:3 ÔÇ║ ­ƒÜ¬ Suite Logout - Ejecutar al final ÔÇ║ Logout y redirecci├│n a login

­ƒÜ¬ Probando logout...

[1A[2K[48/43] (retries) [chromium] ÔÇ║ tests\99-logout.spec.js:11:3 ÔÇ║ ­ƒÜ¬ Suite Logout - Ejecutar al final ÔÇ║ Logout y redirecci├│n a login (retry #1)
[1A[2K
­ƒÜ¬ Probando logout...

[1A[2K  5) [chromium] ÔÇ║ tests\99-logout.spec.js:11:3 ÔÇ║ ­ƒÜ¬ Suite Logout - Ejecutar al final ÔÇ║ Logout y redirecci├│n a login 

    Error: [2mexpect([22m[31mpage[39m[2m).[22mtoHaveURL[2m([22m[32mexpected[39m[2m)[22m failed

    Expected pattern: [32m/dashboard/[39m
    Received string:  [31m"http://localhost/login"[39m
    Timeout: 15000ms

    Call log:
    [2m  - Expect "toHaveURL" with timeout 15000ms[22m
    [2m    18 ├ù unexpected value "http://localhost/login"[22m


      14 |     // Ir al dashboard autenticado
      15 |     await page.goto('/dashboard', { waitUntil: 'networkidle' });
    > 16 |     await expect(page).toHaveURL(/dashboard/, { timeout: 15000 });
         |                        ^
      17 |     
      18 |     // Buscar bot├│n de logout
      19 |     const logoutBtn = page.getByRole('link', { name: /Salir|Logout|Cerrar/i }).first();
        at C:\Users\victuspc\Desktop\Nueva carpeta\tests\99-logout.spec.js:16:24

    attachment #1: screenshot (image/png) ÔöÇÔöÇÔöÇÔöÇÔöÇÔöÇÔöÇÔöÇÔöÇÔöÇÔöÇÔöÇÔöÇÔöÇÔöÇÔöÇÔöÇÔöÇÔöÇÔöÇÔöÇÔöÇÔöÇÔöÇÔöÇÔöÇÔöÇÔöÇÔöÇÔöÇÔöÇÔöÇÔöÇÔöÇÔöÇÔöÇÔöÇÔöÇÔöÇÔöÇÔöÇÔöÇÔöÇÔöÇÔöÇÔöÇÔöÇÔöÇÔöÇÔöÇÔöÇÔöÇÔöÇÔöÇÔöÇÔöÇÔöÇÔöÇ
    test-results\99-logout-­ƒÜ¬-Suite-Logout--c9f72-ogout-y-redirecci├│n-a-login-chromium\test-failed-1.png
    ÔöÇÔöÇÔöÇÔöÇÔöÇÔöÇÔöÇÔöÇÔöÇÔöÇÔöÇÔöÇÔöÇÔöÇÔöÇÔöÇÔöÇÔöÇÔöÇÔöÇÔöÇÔöÇÔöÇÔöÇÔöÇÔöÇÔöÇÔöÇÔöÇÔöÇÔöÇÔöÇÔöÇÔöÇÔöÇÔöÇÔöÇÔöÇÔöÇÔöÇÔöÇÔöÇÔöÇÔöÇÔöÇÔöÇÔöÇÔöÇÔöÇÔöÇÔöÇÔöÇÔöÇÔöÇÔöÇÔöÇÔöÇÔöÇÔöÇÔöÇÔöÇÔöÇÔöÇÔöÇÔöÇÔöÇÔöÇÔöÇÔöÇÔöÇÔöÇÔöÇÔöÇÔöÇÔöÇÔöÇÔöÇÔöÇÔöÇÔöÇÔöÇÔöÇÔöÇÔöÇÔöÇÔöÇÔöÇÔöÇÔöÇÔöÇÔöÇÔöÇÔöÇÔöÇÔöÇÔöÇ

    attachment #2: screenshot (image/png) ÔöÇÔöÇÔöÇÔöÇÔöÇÔöÇÔöÇÔöÇÔöÇÔöÇÔöÇÔöÇÔöÇÔöÇÔöÇÔöÇÔöÇÔöÇÔöÇÔöÇÔöÇÔöÇÔöÇÔöÇÔöÇÔöÇÔöÇÔöÇÔöÇÔöÇÔöÇÔöÇÔöÇÔöÇÔöÇÔöÇÔöÇÔöÇÔöÇÔöÇÔöÇÔöÇÔöÇÔöÇÔöÇÔöÇÔöÇÔöÇÔöÇÔöÇÔöÇÔöÇÔöÇÔöÇÔöÇÔöÇÔöÇÔöÇ
    test-results\99-logout-­ƒÜ¬-Suite-Logout--c9f72-ogout-y-redirecci├│n-a-login-chromium\test-failed-2.png
    ÔöÇÔöÇÔöÇÔöÇÔöÇÔöÇÔöÇÔöÇÔöÇÔöÇÔöÇÔöÇÔöÇÔöÇÔöÇÔöÇÔöÇÔöÇÔöÇÔöÇÔöÇÔöÇÔöÇÔöÇÔöÇÔöÇÔöÇÔöÇÔöÇÔöÇÔöÇÔöÇÔöÇÔöÇÔöÇÔöÇÔöÇÔöÇÔöÇÔöÇÔöÇÔöÇÔöÇÔöÇÔöÇÔöÇÔöÇÔöÇÔöÇÔöÇÔöÇÔöÇÔöÇÔöÇÔöÇÔöÇÔöÇÔöÇÔöÇÔöÇÔöÇÔöÇÔöÇÔöÇÔöÇÔöÇÔöÇÔöÇÔöÇÔöÇÔöÇÔöÇÔöÇÔöÇÔöÇÔöÇÔöÇÔöÇÔöÇÔöÇÔöÇÔöÇÔöÇÔöÇÔöÇÔöÇÔöÇÔöÇÔöÇÔöÇÔöÇÔöÇÔöÇÔöÇÔöÇÔöÇ

    Error Context: test-results\99-logout-­ƒÜ¬-Suite-Logout--c9f72-ogout-y-redirecci├│n-a-login-chromium\error-context.md

    Retry #1 ÔöÇÔöÇÔöÇÔöÇÔöÇÔöÇÔöÇÔöÇÔöÇÔöÇÔöÇÔöÇÔöÇÔöÇÔöÇÔöÇÔöÇÔöÇÔöÇÔöÇÔöÇÔöÇÔöÇÔöÇÔöÇÔöÇÔöÇÔöÇÔöÇÔöÇÔöÇÔöÇÔöÇÔöÇÔöÇÔöÇÔöÇÔöÇÔöÇÔöÇÔöÇÔöÇÔöÇÔöÇÔöÇÔöÇÔöÇÔöÇÔöÇÔöÇÔöÇÔöÇÔöÇÔöÇÔöÇÔöÇÔöÇÔöÇÔöÇÔöÇÔöÇÔöÇÔöÇÔöÇÔöÇÔöÇÔöÇÔöÇÔöÇÔöÇÔöÇÔöÇÔöÇÔöÇÔöÇÔöÇÔöÇÔöÇÔöÇÔöÇÔöÇÔöÇÔöÇÔöÇÔöÇÔöÇÔöÇ

    Error: [2mexpect([22m[31mpage[39m[2m).[22mtoHaveURL[2m([22m[32mexpected[39m[2m)[22m failed

    Expected pattern: [32m/dashboard/[39m
    Received string:  [31m"http://localhost/login"[39m
    Timeout: 15000ms

    Call log:
    [2m  - Expect "toHaveURL" with timeout 15000ms[22m
    [2m    19 ├ù unexpected value "http://localhost/login"[22m


      14 |     // Ir al dashboard autenticado
      15 |     await page.goto('/dashboard', { waitUntil: 'networkidle' });
    > 16 |     await expect(page).toHaveURL(/dashboard/, { timeout: 15000 });
         |                        ^
      17 |     
      18 |     // Buscar bot├│n de logout
      19 |     const logoutBtn = page.getByRole('link', { name: /Salir|Logout|Cerrar/i }).first();
        at C:\Users\victuspc\Desktop\Nueva carpeta\tests\99-logout.spec.js:16:24

    attachment #1: screenshot (image/png) ÔöÇÔöÇÔöÇÔöÇÔöÇÔöÇÔöÇÔöÇÔöÇÔöÇÔöÇÔöÇÔöÇÔöÇÔöÇÔöÇÔöÇÔöÇÔöÇÔöÇÔöÇÔöÇÔöÇÔöÇÔöÇÔöÇÔöÇÔöÇÔöÇÔöÇÔöÇÔöÇÔöÇÔöÇÔöÇÔöÇÔöÇÔöÇÔöÇÔöÇÔöÇÔöÇÔöÇÔöÇÔöÇÔöÇÔöÇÔöÇÔöÇÔöÇÔöÇÔöÇÔöÇÔöÇÔöÇÔöÇÔöÇÔöÇ
    test-results\99-logout-­ƒÜ¬-Suite-Logout--c9f72-ogout-y-redirecci├│n-a-login-chromium-retry1\test-failed-1.png
    ÔöÇÔöÇÔöÇÔöÇÔöÇÔöÇÔöÇÔöÇÔöÇÔöÇÔöÇÔöÇÔöÇÔöÇÔöÇÔöÇÔöÇÔöÇÔöÇÔöÇÔöÇÔöÇÔöÇÔöÇÔöÇÔöÇÔöÇÔöÇÔöÇÔöÇÔöÇÔöÇÔöÇÔöÇÔöÇÔöÇÔöÇÔöÇÔöÇÔöÇÔöÇÔöÇÔöÇÔöÇÔöÇÔöÇÔöÇÔöÇÔöÇÔöÇÔöÇÔöÇÔöÇÔöÇÔöÇÔöÇÔöÇÔöÇÔöÇÔöÇÔöÇÔöÇÔöÇÔöÇÔöÇÔöÇÔöÇÔöÇÔöÇÔöÇÔöÇÔöÇÔöÇÔöÇÔöÇÔöÇÔöÇÔöÇÔöÇÔöÇÔöÇÔöÇÔöÇÔöÇÔöÇÔöÇÔöÇÔöÇÔöÇÔöÇÔöÇÔöÇÔöÇÔöÇÔöÇÔöÇ

    attachment #2: video (video/webm) ÔöÇÔöÇÔöÇÔöÇÔöÇÔöÇÔöÇÔöÇÔöÇÔöÇÔöÇÔöÇÔöÇÔöÇÔöÇÔöÇÔöÇÔöÇÔöÇÔöÇÔöÇÔöÇÔöÇÔöÇÔöÇÔöÇÔöÇÔöÇÔöÇÔöÇÔöÇÔöÇÔöÇÔöÇÔöÇÔöÇÔöÇÔöÇÔöÇÔöÇÔöÇÔöÇÔöÇÔöÇÔöÇÔöÇÔöÇÔöÇÔöÇÔöÇÔöÇÔöÇÔöÇÔöÇÔöÇÔöÇÔöÇÔöÇÔöÇÔöÇÔöÇÔöÇ
    test-results\99-logout-­ƒÜ¬-Suite-Logout--c9f72-ogout-y-redirecci├│n-a-login-chromium-retry1\video.webm
    ÔöÇÔöÇÔöÇÔöÇÔöÇÔöÇÔöÇÔöÇÔöÇÔöÇÔöÇÔöÇÔöÇÔöÇÔöÇÔöÇÔöÇÔöÇÔöÇÔöÇÔöÇÔöÇÔöÇÔöÇÔöÇÔöÇÔöÇÔöÇÔöÇÔöÇÔöÇÔöÇÔöÇÔöÇÔöÇÔöÇÔöÇÔöÇÔöÇÔöÇÔöÇÔöÇÔöÇÔöÇÔöÇÔöÇÔöÇÔöÇÔöÇÔöÇÔöÇÔöÇÔöÇÔöÇÔöÇÔöÇÔöÇÔöÇÔöÇÔöÇÔöÇÔöÇÔöÇÔöÇÔöÇÔöÇÔöÇÔöÇÔöÇÔöÇÔöÇÔöÇÔöÇÔöÇÔöÇÔöÇÔöÇÔöÇÔöÇÔöÇÔöÇÔöÇÔöÇÔöÇÔöÇÔöÇÔöÇÔöÇÔöÇÔöÇÔöÇÔöÇÔöÇÔöÇÔöÇÔöÇ

    Error Context: test-results\99-logout-­ƒÜ¬-Suite-Logout--c9f72-ogout-y-redirecci├│n-a-login-chromium-retry1\error-context.md

    attachment #4: trace (application/zip) ÔöÇÔöÇÔöÇÔöÇÔöÇÔöÇÔöÇÔöÇÔöÇÔöÇÔöÇÔöÇÔöÇÔöÇÔöÇÔöÇÔöÇÔöÇÔöÇÔöÇÔöÇÔöÇÔöÇÔöÇÔöÇÔöÇÔöÇÔöÇÔöÇÔöÇÔöÇÔöÇÔöÇÔöÇÔöÇÔöÇÔöÇÔöÇÔöÇÔöÇÔöÇÔöÇÔöÇÔöÇÔöÇÔöÇÔöÇÔöÇÔöÇÔöÇÔöÇÔöÇÔöÇÔöÇÔöÇÔöÇÔöÇ
    test-results\99-logout-­ƒÜ¬-Suite-Logout--c9f72-ogout-y-redirecci├│n-a-login-chromium-retry1\trace.zip
    Usage:

        npx playwright show-trace test-results\99-logout-­ƒÜ¬-Suite-Logout--c9f72-ogout-y-redirecci├│n-a-login-chromium-retry1\trace.zip

    ÔöÇÔöÇÔöÇÔöÇÔöÇÔöÇÔöÇÔöÇÔöÇÔöÇÔöÇÔöÇÔöÇÔöÇÔöÇÔöÇÔöÇÔöÇÔöÇÔöÇÔöÇÔöÇÔöÇÔöÇÔöÇÔöÇÔöÇÔöÇÔöÇÔöÇÔöÇÔöÇÔöÇÔöÇÔöÇÔöÇÔöÇÔöÇÔöÇÔöÇÔöÇÔöÇÔöÇÔöÇÔöÇÔöÇÔöÇÔöÇÔöÇÔöÇÔöÇÔöÇÔöÇÔöÇÔöÇÔöÇÔöÇÔöÇÔöÇÔöÇÔöÇÔöÇÔöÇÔöÇÔöÇÔöÇÔöÇÔöÇÔöÇÔöÇÔöÇÔöÇÔöÇÔöÇÔöÇÔöÇÔöÇÔöÇÔöÇÔöÇÔöÇÔöÇÔöÇÔöÇÔöÇÔöÇÔöÇÔöÇÔöÇÔöÇÔöÇÔöÇÔöÇÔöÇÔöÇÔöÇ


[1A[2K  5 failed
    [chromium] ÔÇ║ tests\05-security-pentest.spec.js:16:3 ÔÇ║ ­ƒöÉ Suite Pentesting - Auditor├¡a de Seguridad ÔÇ║ ­ƒÜ¿ [CR├ìTICO] Rutas protegidas sin autenticaci├│n 
    [chromium] ÔÇ║ tests\05-security-pentest.spec.js:72:3 ÔÇ║ ­ƒöÉ Suite Pentesting - Auditor├¡a de Seguridad ÔÇ║ ­ƒÜ¿ [ALTO] IDOR - Acceso a recursos de otros usuarios 
    [chromium] ÔÇ║ tests\05-security-pentest.spec.js:254:3 ÔÇ║ ­ƒöÉ Suite Pentesting - Auditor├¡a de Seguridad ÔÇ║ ­ƒÜ¿ [MEDIO] Information Disclosure 
    [chromium] ÔÇ║ tests\05-security-pentest.spec.js:360:3 ÔÇ║ ­ƒöÉ Suite Pentesting - Auditor├¡a de Seguridad ÔÇ║ ­ƒÜ¿ [BAJO] Security Headers 
    [chromium] ÔÇ║ tests\99-logout.spec.js:11:3 ÔÇ║ ­ƒÜ¬ Suite Logout - Ejecutar al final ÔÇ║ Logout y redirecci├│n a login 
  38 passed (8.4m)

[36m  Serving HTML report at http://localhost:58170. Press Ctrl+C to quit.[39m
